Archive member included to satisfy reference by file (symbol)

c:/program files (x86)/gnu arm embedded toolchain/10 2021.10/bin/../lib/gcc/arm-none-eabi/10.3.1/../../../../arm-none-eabi/lib/thumb/v7e-m+fp/hard\libc_nano.a(lib_a-exit.o)
                              c:/program files (x86)/gnu arm embedded toolchain/10 2021.10/bin/../lib/gcc/arm-none-eabi/10.3.1/../../../../arm-none-eabi/lib/thumb/v7e-m+fp/hard/crt0.o (exit)
c:/program files (x86)/gnu arm embedded toolchain/10 2021.10/bin/../lib/gcc/arm-none-eabi/10.3.1/../../../../arm-none-eabi/lib/thumb/v7e-m+fp/hard\libc_nano.a(lib_a-impure.o)
                              c:/program files (x86)/gnu arm embedded toolchain/10 2021.10/bin/../lib/gcc/arm-none-eabi/10.3.1/../../../../arm-none-eabi/lib/thumb/v7e-m+fp/hard\libc_nano.a(lib_a-exit.o) (_global_impure_ptr)
c:/program files (x86)/gnu arm embedded toolchain/10 2021.10/bin/../lib/gcc/arm-none-eabi/10.3.1/../../../../arm-none-eabi/lib/thumb/v7e-m+fp/hard\libc_nano.a(lib_a-init.o)
                              c:/program files (x86)/gnu arm embedded toolchain/10 2021.10/bin/../lib/gcc/arm-none-eabi/10.3.1/../../../../arm-none-eabi/lib/thumb/v7e-m+fp/hard/crt0.o (__libc_init_array)
c:/program files (x86)/gnu arm embedded toolchain/10 2021.10/bin/../lib/gcc/arm-none-eabi/10.3.1/../../../../arm-none-eabi/lib/thumb/v7e-m+fp/hard\libc_nano.a(lib_a-memset.o)
                              c:/program files (x86)/gnu arm embedded toolchain/10 2021.10/bin/../lib/gcc/arm-none-eabi/10.3.1/../../../../arm-none-eabi/lib/thumb/v7e-m+fp/hard/crt0.o (memset)
c:/program files (x86)/gnu arm embedded toolchain/10 2021.10/bin/../lib/gcc/arm-none-eabi/10.3.1/../../../../arm-none-eabi/lib/thumb/v7e-m+fp/hard\libnosys.a(_exit.o)
                              c:/program files (x86)/gnu arm embedded toolchain/10 2021.10/bin/../lib/gcc/arm-none-eabi/10.3.1/../../../../arm-none-eabi/lib/thumb/v7e-m+fp/hard\libc_nano.a(lib_a-exit.o) (_exit)

Discarded input sections

 .text          0x00000000        0x0 c:/program files (x86)/gnu arm embedded toolchain/10 2021.10/bin/../lib/gcc/arm-none-eabi/10.3.1/thumb/v7e-m+fp/hard/crti.o
 .data          0x00000000        0x0 c:/program files (x86)/gnu arm embedded toolchain/10 2021.10/bin/../lib/gcc/arm-none-eabi/10.3.1/thumb/v7e-m+fp/hard/crti.o
 .bss           0x00000000        0x0 c:/program files (x86)/gnu arm embedded toolchain/10 2021.10/bin/../lib/gcc/arm-none-eabi/10.3.1/thumb/v7e-m+fp/hard/crti.o
 .data          0x00000000        0x4 c:/program files (x86)/gnu arm embedded toolchain/10 2021.10/bin/../lib/gcc/arm-none-eabi/10.3.1/thumb/v7e-m+fp/hard/crtbegin.o
 .rodata        0x00000000       0x24 c:/program files (x86)/gnu arm embedded toolchain/10 2021.10/bin/../lib/gcc/arm-none-eabi/10.3.1/thumb/v7e-m+fp/hard/crtbegin.o
 .text          0x00000000       0x7c c:/program files (x86)/gnu arm embedded toolchain/10 2021.10/bin/../lib/gcc/arm-none-eabi/10.3.1/../../../../arm-none-eabi/lib/thumb/v7e-m+fp/hard/crt0.o
 .data          0x00000000        0x0 c:/program files (x86)/gnu arm embedded toolchain/10 2021.10/bin/../lib/gcc/arm-none-eabi/10.3.1/../../../../arm-none-eabi/lib/thumb/v7e-m+fp/hard/crt0.o
 .bss           0x00000000        0x0 c:/program files (x86)/gnu arm embedded toolchain/10 2021.10/bin/../lib/gcc/arm-none-eabi/10.3.1/../../../../arm-none-eabi/lib/thumb/v7e-m+fp/hard/crt0.o
 .ARM.extab     0x00000000        0x0 c:/program files (x86)/gnu arm embedded toolchain/10 2021.10/bin/../lib/gcc/arm-none-eabi/10.3.1/../../../../arm-none-eabi/lib/thumb/v7e-m+fp/hard/crt0.o
 .ARM.exidx     0x00000000       0x10 c:/program files (x86)/gnu arm embedded toolchain/10 2021.10/bin/../lib/gcc/arm-none-eabi/10.3.1/../../../../arm-none-eabi/lib/thumb/v7e-m+fp/hard/crt0.o
 .ARM.attributes
                0x00000000       0x1c c:/program files (x86)/gnu arm embedded toolchain/10 2021.10/bin/../lib/gcc/arm-none-eabi/10.3.1/../../../../arm-none-eabi/lib/thumb/v7e-m+fp/hard/crt0.o
 .text          0x00000000        0x0 build/main.o
 .data          0x00000000        0x0 build/main.o
 .bss           0x00000000        0x0 build/main.o
 .text          0x00000000        0x0 build/stm32f3xx_it.o
 .data          0x00000000        0x0 build/stm32f3xx_it.o
 .bss           0x00000000        0x0 build/stm32f3xx_it.o
 .text          0x00000000        0x0 build/stm32f3xx_hal_msp.o
 .data          0x00000000        0x0 build/stm32f3xx_hal_msp.o
 .bss           0x00000000        0x0 build/stm32f3xx_hal_msp.o
 .text.HAL_RTC_MspDeInit
                0x00000000       0x2c build/stm32f3xx_hal_msp.o
 .text.HAL_TIM_Base_MspDeInit
                0x00000000       0x20 build/stm32f3xx_hal_msp.o
 .text          0x00000000        0x0 build/stm32f3xx_hal_rtc.o
 .data          0x00000000        0x0 build/stm32f3xx_hal_rtc.o
 .bss           0x00000000        0x0 build/stm32f3xx_hal_rtc.o
 .text.HAL_RTC_MspInit
                0x00000000        0x2 build/stm32f3xx_hal_rtc.o
 .text.HAL_RTC_MspDeInit
[...]
Memory Configuration

Name             Origin             Length             Attributes
RAM              0x20000000         0x00003000         xrw
CCMRAM           0x10000000         0x00001000         xrw
FLASH            0x08000000         0x00010000         xr
*default*        0x00000000         0xffffffff

Linker script and memory map

LOAD c:/program files (x86)/gnu arm embedded toolchain/10 2021.10/bin/../lib/gcc/arm-none-eabi/10.3.1/thumb/v7e-m+fp/hard/crti.o
LOAD c:/program files (x86)/gnu arm embedded toolchain/10 2021.10/bin/../lib/gcc/arm-none-eabi/10.3.1/thumb/v7e-m+fp/hard/crtbegin.o
LOAD c:/program files (x86)/gnu arm embedded toolchain/10 2021.10/bin/../lib/gcc/arm-none-eabi/10.3.1/../../../../arm-none-eabi/lib/thumb/v7e-m+fp/hard/crt0.o
LOAD build/main.o
LOAD build/stm32f3xx_it.o
LOAD build/stm32f3xx_hal_msp.o
LOAD build/stm32f3xx_hal_rtc.o
LOAD build/stm32f3xx_hal_rtc_ex.o
LOAD build/stm32f3xx_hal.o
LOAD build/stm32f3xx_hal_rcc.o
LOAD build/stm32f3xx_hal_rcc_ex.o
LOAD build/stm32f3xx_hal_gpio.o
LOAD build/stm32f3xx_hal_dma.o
LOAD build/stm32f3xx_hal_cortex.o
LOAD build/stm32f3xx_hal_pwr.o
LOAD build/stm32f3xx_hal_pwr_ex.o
LOAD build/stm32f3xx_hal_flash.o
LOAD build/stm32f3xx_hal_flash_ex.o
LOAD build/stm32f3xx_hal_i2c.o
LOAD build/stm32f3xx_hal_i2c_ex.o
LOAD build/stm32f3xx_hal_exti.o
LOAD build/stm32f3xx_hal_tim.o
LOAD build/stm32f3xx_hal_tim_ex.o
LOAD build/system_stm32f3xx.o
LOAD build/startup_stm32f303x8.o
LOAD c:/program files (x86)/gnu arm embedded toolchain/10 2021.10/bin/../lib/gcc/arm-none-eabi/10.3.1/../../../../arm-none-eabi/lib/thumb/v7e-m+fp/hard\libc_nano.a
LOAD c:/program files (x86)/gnu arm embedded toolchain/10 2021.10/bin/../lib/gcc/arm-none-eabi/10.3.1/../../../../arm-none-eabi/lib/thumb/v7e-m+fp/hard\libm.a
LOAD c:/program files (x86)/gnu arm embedded toolchain/10 2021.10/bin/../lib/gcc/arm-none-eabi/10.3.1/../../../../arm-none-eabi/lib/thumb/v7e-m+fp/hard\libnosys.a
START GROUP
LOAD c:/program files (x86)/gnu arm embedded toolchain/10 2021.10/bin/../lib/gcc/arm-none-eabi/10.3.1/thumb/v7e-m+fp/hard\libgcc.a
LOAD c:/program files (x86)/gnu arm embedded toolchain/10 2021.10/bin/../lib/gcc/arm-none-eabi/10.3.1/../../../../arm-none-eabi/lib/thumb/v7e-m+fp/hard\libc_nano.a
END GROUP
START GROUP
LOAD c:/program files (x86)/gnu arm embedded toolchain/10 2021.10/bin/../lib/gcc/arm-none-eabi/10.3.1/thumb/v7e-m+fp/hard\libgcc.a
LOAD c:/program files (x86)/gnu arm embedded toolchain/10 2021.10/bin/../lib/gcc/arm-none-eabi/10.3.1/../../../../arm-none-eabi/lib/thumb/v7e-m+fp/hard\libc_nano.a
END GROUP
LOAD c:/program files (x86)/gnu arm embedded toolchain/10 2021.10/bin/../lib/gcc/arm-none-eabi/10.3.1/thumb/v7e-m+fp/hard/crtend.o
LOAD c:/program files (x86)/gnu arm embedded toolchain/10 2021.10/bin/../lib/gcc/arm-none-eabi/10.3.1/thumb/v7e-m+fp/hard/crtn.o
                0x20003000                _estack = 0x20003000
                0x00000200                _Min_Heap_Size = 0x200
                0x00000400                _Min_Stack_Size = 0x400

.isr_vector     0x08000000      0x188
                0x08000000                . = ALIGN (0x4)
 *(.isr_vector)
 .isr_vector    0x08000000      0x188 build/startup_stm32f303x8.o
                0x08000000                g_pfnVectors
                0x08000188                . = ALIGN (0x4)

.text           0x08000188     0x1094
                0x08000188                . = ALIGN (0x4)
 *(.text)
 .text          0x08000188       0x40 c:/program files (x86)/gnu arm embedded toolchain/10 2021.10/bin/../lib/gcc/arm-none-eabi/10.3.1/thumb/v7e-m+fp/hard/crtbegin.o
 *(.text*)
 .text.Error_Handler
                0x080001c8        0x4 build/main.o
                0x080001c8                Error_Handler
 .text.MX_RTC_Init
                0x080001cc       0x30 build/main.o
 .text.MX_TIM6_Init
                0x080001fc       0x4c build/main.o
 .text.SystemClock_Config
                0x08000248       0x78 build/main.o
                0x08000248                SystemClock_Config
 .text.main     0x080002c0       0x14 build/main.o
                0x080002c0                main
 .text.NMI_Handler
                0x080002d4        0x2 build/stm32f3xx_it.o
                0x080002d4                NMI_Handler
 .text.HardFault_Handler
                0x080002d6        0x2 build/stm32f3xx_it.o
                0x080002d6                HardFault_Handler
 .text.MemManage_Handler
                0x080002d8        0x2 build/stm32f3xx_it.o
                0x080002d8                MemManage_Handler
 .text.BusFault_Handler
                0x080002da        0x2 build/stm32f3xx_it.o
                0x080002da                BusFault_Handler
 .text.UsageFault_Handler
                0x080002dc        0x2 build/stm32f3xx_it.o
                0x080002dc                UsageFault_Handler
 .text.SVC_Handler
                0x080002de        0x2 build/stm32f3xx_it.o
                0x080002de                SVC_Handler
 .text.DebugMon_Handler
                0x080002e0        0x2 build/stm32f3xx_it.o
                0x080002e0                DebugMon_Handler
 .text.PendSV_Handler
                0x080002e2        0x2 build/stm32f3xx_it.o
                0x080002e2                PendSV_Handler
 .text.SysTick_Handler
                0x080002e4        0x8 build/stm32f3xx_it.o
                0x080002e4                SysTick_Handler
 .text.HAL_MspInit
                0x080002ec       0x30 build/stm32f3xx_hal_msp.o
                0x080002ec                HAL_MspInit
 .text.HAL_RTC_MspInit
                0x0800031c       0x2c build/stm32f3xx_hal_msp.o
                0x0800031c                HAL_RTC_MspInit
 .text.HAL_TIM_Base_MspInit
                0x08000348       0x2c build/stm32f3xx_hal_msp.o
                0x08000348                HAL_TIM_Base_MspInit
 .text.HAL_RTC_WaitForSynchro
                0x08000374       0x34 build/stm32f3xx_hal_rtc.o
                0x08000374                HAL_RTC_WaitForSynchro
 .text.RTC_EnterInitMode
                0x080003a8       0x46 build/stm32f3xx_hal_rtc.o
                0x080003a8                RTC_EnterInitMode
 .text.RTC_ExitInitMode
                0x080003ee       0x2a build/stm32f3xx_hal_rtc.o
                0x080003ee                RTC_ExitInitMode
 .text.HAL_RTC_Init
                0x08000418       0x9c build/stm32f3xx_hal_rtc.o
                0x08000418                HAL_RTC_Init
 .text.HAL_InitTick
                0x080004b4       0x4c build/stm32f3xx_hal.o
                0x080004b4                HAL_InitTick
 .text.HAL_Init
                0x08000500       0x24 build/stm32f3xx_hal.o
                0x08000500                HAL_Init
 .text.HAL_IncTick
                0x08000524       0x18 build/stm32f3xx_hal.o
                0x08000524                HAL_IncTick
 .text.HAL_GetTick
                0x0800053c        0xc build/stm32f3xx_hal.o
                0x0800053c                HAL_GetTick
 .text.HAL_RCC_OscConfig
                0x08000548      0x634 build/stm32f3xx_hal_rcc.o
                0x08000548                HAL_RCC_OscConfig
 .text.HAL_RCC_GetSysClockFreq
                0x08000b7c       0x70 build/stm32f3xx_hal_rcc.o
                0x08000b7c                HAL_RCC_GetSysClockFreq
 .text.HAL_RCC_ClockConfig
                0x08000bec      0x1a8 build/stm32f3xx_hal_rcc.o
                0x08000bec                HAL_RCC_ClockConfig
 .text.HAL_RCCEx_PeriphCLKConfig
                0x08000d94      0x18c build/stm32f3xx_hal_rcc_ex.o
                0x08000d94                HAL_RCCEx_PeriphCLKConfig
 .text.HAL_NVIC_SetPriorityGrouping
                0x08000f20       0x24 build/stm32f3xx_hal_cortex.o
                0x08000f20                HAL_NVIC_SetPriorityGrouping
 .text.HAL_NVIC_SetPriority
                0x08000f44       0x70 build/stm32f3xx_hal_cortex.o
                0x08000f44                HAL_NVIC_SetPriority
 .text.HAL_SYSTICK_Config
                0x08000fb4       0x28 build/stm32f3xx_hal_cortex.o
                0x08000fb4                HAL_SYSTICK_Config
 .text.TIM_Base_SetConfig
                0x08000fdc       0x90 build/stm32f3xx_hal_tim.o
                0x08000fdc                TIM_Base_SetConfig
 .text.HAL_TIM_Base_Init
                0x0800106c       0x60 build/stm32f3xx_hal_tim.o
                0x0800106c                HAL_TIM_Base_Init
 .text.HAL_TIMEx_MasterConfigSynchronization
                0x080010cc       0x78 build/stm32f3xx_hal_tim_ex.o
                0x080010cc                HAL_TIMEx_MasterConfigSynchronization
 .text.SystemInit
                0x08001144       0x14 build/system_stm32f3xx.o
                0x08001144                SystemInit
 .text.Reset_Handler
                0x08001158       0x50 build/startup_stm32f303x8.o
                0x08001158                Reset_Handler
 .text.Default_Handler
                0x080011a8        0x2 build/startup_stm32f303x8.o
                0x080011a8                RTC_Alarm_IRQHandler
                0x080011a8                TIM1_CC_IRQHandler
                0x080011a8                PVD_IRQHandler
                0x080011a8                TAMP_STAMP_IRQHandler
                0x080011a8                EXTI3_IRQHandler
                0x080011a8                EXTI0_IRQHandler
                0x080011a8                FPU_IRQHandler
                0x080011a8                CAN_TX_IRQHandler
                0x080011a8                TIM1_UP_TIM16_IRQHandler
                0x080011a8                ADC1_2_IRQHandler
                0x080011a8                SPI1_IRQHandler
                0x080011a8                CAN_SCE_IRQHandler
                0x080011a8                DMA1_Channel4_IRQHandler
                0x080011a8                USART3_IRQHandler
                0x080011a8                DMA1_Channel7_IRQHandler
                0x080011a8                TIM7_DAC2_IRQHandler
                0x080011a8                CAN_RX1_IRQHandler
                0x080011a8                I2C1_EV_IRQHandler
                0x080011a8                DMA1_Channel6_IRQHandler
                0x080011a8                TIM3_IRQHandler
                0x080011a8                RCC_IRQHandler
                0x080011a8                DMA1_Channel1_IRQHandler
                0x080011a8                Default_Handler
                0x080011a8                EXTI15_10_IRQHandler
                0x080011a8                COMP2_IRQHandler
                0x080011a8                TIM6_DAC1_IRQHandler
                0x080011a8                EXTI9_5_IRQHandler
                0x080011a8                RTC_WKUP_IRQHandler
                0x080011a8                DMA1_Channel5_IRQHandler
                0x080011a8                EXTI4_IRQHandler
                0x080011a8                TIM1_TRG_COM_TIM17_IRQHandler
                0x080011a8                DMA1_Channel3_IRQHandler
                0x080011a8                WWDG_IRQHandler
                0x080011a8                TIM2_IRQHandler
                0x080011a8                EXTI1_IRQHandler
                0x080011a8                COMP4_6_IRQHandler
                0x080011a8                USART2_IRQHandler
                0x080011a8                DMA1_Channel2_IRQHandler
                0x080011a8                FLASH_IRQHandler
                0x080011a8                USART1_IRQHandler
                0x080011a8                CAN_RX0_IRQHandler
                0x080011a8                I2C1_ER_IRQHandler
                0x080011a8                EXTI2_TSC_IRQHandler
                0x080011a8                TIM1_BRK_TIM15_IRQHandler
 *fill*         0x080011aa        0x2 
 .text.__libc_init_array
                0x080011ac       0x48 c:/program files (x86)/gnu arm embedded toolchain/10 2021.10/bin/../lib/gcc/arm-none-eabi/10.3.1/../../../../arm-none-eabi/lib/thumb/v7e-m+fp/hard\libc_nano.a(lib_a-init.o)
                0x080011ac                __libc_init_array
 .text.memset   0x080011f4       0x10 c:/program files (x86)/gnu arm embedded toolchain/10 2021.10/bin/../lib/gcc/arm-none-eabi/10.3.1/../../../../arm-none-eabi/lib/thumb/v7e-m+fp/hard\libc_nano.a(lib_a-memset.o)
                0x080011f4                memset
 *(.glue_7)
 .glue_7        0x08001204        0x0 linker stubs
 *(.glue_7t)
 .glue_7t       0x08001204        0x0 linker stubs
 *(.eh_frame)
 .eh_frame      0x08001204        0x0 c:/program files (x86)/gnu arm embedded toolchain/10 2021.10/bin/../lib/gcc/arm-none-eabi/10.3.1/thumb/v7e-m+fp/hard/crtbegin.o
 *(.init)
 .init          0x08001204        0x4 c:/program files (x86)/gnu arm embedded toolchain/10 2021.10/bin/../lib/gcc/arm-none-eabi/10.3.1/thumb/v7e-m+fp/hard/crti.o
                0x08001204                _init
 .init          0x08001208        0x8 c:/program files (x86)/gnu arm embedded toolchain/10 2021.10/bin/../lib/gcc/arm-none-eabi/10.3.1/thumb/v7e-m+fp/hard/crtn.o
 *(.fini)
 .fini          0x08001210        0x4 c:/program files (x86)/gnu arm embedded toolchain/10 2021.10/bin/../lib/gcc/arm-none-eabi/10.3.1/thumb/v7e-m+fp/hard/crti.o
                0x08001210                _fini
 .fini          0x08001214        0x8 c:/program files (x86)/gnu arm embedded toolchain/10 2021.10/bin/../lib/gcc/arm-none-eabi/10.3.1/thumb/v7e-m+fp/hard/crtn.o
                0x0800121c                . = ALIGN (0x4)
                0x0800121c                _etext = .

.vfp11_veneer   0x0800121c        0x0
 .vfp11_veneer  0x0800121c        0x0 linker stubs

.v4_bx          0x0800121c        0x0
 .v4_bx         0x0800121c        0x0 linker stubs

.iplt           0x0800121c        0x0
 .iplt          0x0800121c        0x0 c:/program files (x86)/gnu arm embedded toolchain/10 2021.10/bin/../lib/gcc/arm-none-eabi/10.3.1/thumb/v7e-m+fp/hard/crtbegin.o

.rodata         0x0800121c       0x30
                0x0800121c                . = ALIGN (0x4)
 *(.rodata)
 *(.rodata*)
 .rodata.aPLLMULFactorTable
                0x0800121c       0x10 build/stm32f3xx_hal_rcc.o
 .rodata.aPredivFactorTable
                0x0800122c       0x10 build/stm32f3xx_hal_rcc.o
 .rodata.AHBPrescTable
                0x0800123c       0x10 build/system_stm32f3xx.o
                0x0800123c                AHBPrescTable
                0x0800124c                . = ALIGN (0x4)

.rel.dyn        0x0800124c        0x0
 .rel.iplt      0x0800124c        0x0 c:/program files (x86)/gnu arm embedded toolchain/10 2021.10/bin/../lib/gcc/arm-none-eabi/10.3.1/thumb/v7e-m+fp/hard/crtbegin.o

.ARM.extab
 *(.ARM.extab* .gnu.linkonce.armextab.*)

.ARM            0x0800124c        0x0
                0x0800124c                __exidx_start = .
 *(.ARM.exidx*)
                0x0800124c                __exidx_end = .

.preinit_array  0x0800124c        0x0
                0x0800124c                PROVIDE (__preinit_array_start = .)
 *(.preinit_array*)
                0x0800124c                PROVIDE (__preinit_array_end = .)

.init_array     0x0800124c        0x4
                0x0800124c                PROVIDE (__init_array_start = .)
 *(SORT_BY_NAME(.init_array.*))
 *(.init_array*)
 .init_array    0x0800124c        0x4 c:/program files (x86)/gnu arm embedded toolchain/10 2021.10/bin/../lib/gcc/arm-none-eabi/10.3.1/thumb/v7e-m+fp/hard/crtbegin.o
                0x08001250                PROVIDE (__init_array_end = .)

.fini_array     0x08001250        0x4
                [!provide]                PROVIDE (__fini_array_start = .)
 *(SORT_BY_NAME(.fini_array.*))
 *(.fini_array*)
 .fini_array    0x08001250        0x4 c:/program files (x86)/gnu arm embedded toolchain/10 2021.10/bin/../lib/gcc/arm-none-eabi/10.3.1/thumb/v7e-m+fp/hard/crtbegin.o
                [!provide]                PROVIDE (__fini_array_end = .)
                0x08001254                _sidata = LOADADDR (.data)

.data           0x20000000        0xc load address 0x08001254
                0x20000000                . = ALIGN (0x4)
                0x20000000                _sdata = .
 *(.data)
 *(.data*)
 .data.uwTickFreq
                0x20000000        0x1 build/stm32f3xx_hal.o
                0x20000000                uwTickFreq
 *fill*         0x20000001        0x3 
 .data.uwTickPrio
                0x20000004        0x4 build/stm32f3xx_hal.o
                0x20000004                uwTickPrio
 .data.SystemCoreClock
                0x20000008        0x4 build/system_stm32f3xx.o
                0x20000008                SystemCoreClock
                0x2000000c                . = ALIGN (0x4)
                0x2000000c                _edata = .
                0x08001260                _siccmram = LOADADDR (.ccmram)

.igot.plt       0x2000000c        0x0 load address 0x08001260
 .igot.plt      0x2000000c        0x0 c:/program files (x86)/gnu arm embedded toolchain/10 2021.10/bin/../lib/gcc/arm-none-eabi/10.3.1/thumb/v7e-m+fp/hard/crtbegin.o

.ccmram         0x10000000        0x0 load address 0x08001260
                0x10000000                . = ALIGN (0x4)
                0x10000000                _sccmram = .
 *(.ccmram)
 *(.ccmram*)
                0x10000000                . = ALIGN (0x4)
                0x10000000                _eccmram = .
                0x10000000                . = ALIGN (0x4)

.bss            0x2000000c       0x8c
                0x2000000c                _sbss = .
                0x2000000c                __bss_start__ = _sbss
 *(.bss)
 .bss           0x2000000c       0x1c c:/program files (x86)/gnu arm embedded toolchain/10 2021.10/bin/../lib/gcc/arm-none-eabi/10.3.1/thumb/v7e-m+fp/hard/crtbegin.o
 *(.bss*)
 .bss.hrtc      0x20000028       0x20 build/main.o
                0x20000028                hrtc
 .bss.htim6     0x20000048       0x4c build/main.o
                0x20000048                htim6
 .bss.uwTick    0x20000094        0x4 build/stm32f3xx_hal.o
                0x20000094                uwTick
 *(COMMON)
                0x20000098                . = ALIGN (0x4)
                0x20000098                _ebss = .
                0x20000098                __bss_end__ = _ebss

._user_heap_stack
                0x20000098      0x600
                0x20000098                . = ALIGN (0x8)
                [!provide]                PROVIDE (end = .)
                [!provide]                PROVIDE (_end = .)
                0x20000298                . = (. + _Min_Heap_Size)
 *fill*         0x20000098      0x200 
                0x20000698                . = (. + _Min_Stack_Size)
 *fill*         0x20000298      0x400 
                0x20000698                . = ALIGN (0x8)

/DISCARD/
 libc.a(*)
 libm.a(*)
 libgcc.a(*)

.ARM.attributes
                0x00000000       0x30
 *(.ARM.attributes)
 .ARM.attributes
                0x00000000       0x1e c:/program files (x86)/gnu arm embedded toolchain/10 2021.10/bin/../lib/gcc/arm-none-eabi/10.3.1/thumb/v7e-m+fp/hard/crti.o
 .ARM.attributes
                0x0000001e       0x34 c:/program files (x86)/gnu arm embedded toolchain/10 2021.10/bin/../lib/gcc/arm-none-eabi/10.3.1/thumb/v7e-m+fp/hard/crtbegin.o
 .ARM.attributes
                0x00000052       0x34 build/main.o
 .ARM.attributes
                0x00000086       0x34 build/stm32f3xx_it.o
 .ARM.attributes
                0x000000ba       0x34 build/stm32f3xx_hal_msp.o
 .ARM.attributes
                0x000000ee       0x34 build/stm32f3xx_hal_rtc.o
 .ARM.attributes
                0x00000122       0x34 build/stm32f3xx_hal.o
 .ARM.attributes
                0x00000156       0x34 build/stm32f3xx_hal_rcc.o
 .ARM.attributes
                0x0000018a       0x34 build/stm32f3xx_hal_rcc_ex.o
 .ARM.attributes
                0x000001be       0x34 build/stm32f3xx_hal_cortex.o
 .ARM.attributes
                0x000001f2       0x34 build/stm32f3xx_hal_tim.o
 .ARM.attributes
                0x00000226       0x34 build/stm32f3xx_hal_tim_ex.o
 .ARM.attributes
                0x0000025a       0x34 build/system_stm32f3xx.o
 .ARM.attributes
                0x0000028e       0x21 build/startup_stm32f303x8.o
 .ARM.attributes
                0x000002af       0x34 c:/program files (x86)/gnu arm embedded toolchain/10 2021.10/bin/../lib/gcc/arm-none-eabi/10.3.1/../../../../arm-none-eabi/lib/thumb/v7e-m+fp/hard\libc_nano.a(lib_a-init.o)
 .ARM.attributes
                0x000002e3       0x34 c:/program files (x86)/gnu arm embedded toolchain/10 2021.10/bin/../lib/gcc/arm-none-eabi/10.3.1/../../../../arm-none-eabi/lib/thumb/v7e-m+fp/hard\libc_nano.a(lib_a-memset.o)
 .ARM.attributes
                0x00000317       0x1e c:/program files (x86)/gnu arm embedded toolchain/10 2021.10/bin/../lib/gcc/arm-none-eabi/10.3.1/thumb/v7e-m+fp/hard/crtn.o
OUTPUT(build/test.elf elf32-littlearm)
LOAD linker stubs
LOAD c:/program files (x86)/gnu arm embedded toolchain/10 2021.10/bin/../lib/gcc/arm-none-eabi/10.3.1/../../../../arm-none-eabi/lib/thumb/v7e-m+fp/hard\libc.a
LOAD c:/program files (x86)/gnu arm embedded toolchain/10 2021.10/bin/../lib/gcc/arm-none-eabi/10.3.1/../../../../arm-none-eabi/lib/thumb/v7e-m+fp/hard\libm.a
LOAD c:/program files (x86)/gnu arm embedded toolchain/10 2021.10/bin/../lib/gcc/arm-none-eabi/10.3.1/thumb/v7e-m+fp/hard\libgcc.a

.debug_info     0x00000000     0xc506
 .debug_info    0x00000000      0xe33 build/main.o
 .debug_info    0x00000e33      0x15b build/stm32f3xx_it.o
 .debug_info    0x00000f8e      0xc3f build/stm32f3xx_hal_msp.o
 .debug_info    0x00001bcd     0x1130 build/stm32f3xx_hal_rtc.o
 .debug_info    0x00002cfd      0x8a8 build/stm32f3xx_hal.o
 .debug_info    0x000035a5     0x16db build/stm32f3xx_hal_rcc.o
 .debug_info    0x00004c80      0x6a4 build/stm32f3xx_hal_rcc_ex.o
 .debug_info    0x00005324      0xe2e build/stm32f3xx_hal_cortex.o
 .debug_info    0x00006152     0x41d4 build/stm32f3xx_hal_tim.o
 .debug_info    0x0000a326     0x1d41 build/stm32f3xx_hal_tim_ex.o
 .debug_info    0x0000c067      0x47d build/system_stm32f3xx.o
 .debug_info    0x0000c4e4       0x22 build/startup_stm32f303x8.o

.debug_abbrev   0x00000000     0x17f4
 .debug_abbrev  0x00000000      0x219 build/main.o
 .debug_abbrev  0x00000219       0x81 build/stm32f3xx_it.o
 .debug_abbrev  0x0000029a      0x1e1 build/stm32f3xx_hal_msp.o
 .debug_abbrev  0x0000047b      0x221 build/stm32f3xx_hal_rtc.o
 .debug_abbrev  0x0000069c      0x20a build/stm32f3xx_hal.o
 .debug_abbrev  0x000008a6      0x321 build/stm32f3xx_hal_rcc.o
 .debug_abbrev  0x00000bc7      0x27f build/stm32f3xx_hal_rcc_ex.o
 .debug_abbrev  0x00000e46      0x359 build/stm32f3xx_hal_cortex.o
 .debug_abbrev  0x0000119f      0x289 build/stm32f3xx_hal_tim.o
 .debug_abbrev  0x00001428      0x29f build/stm32f3xx_hal_tim_ex.o
 .debug_abbrev  0x000016c7      0x11b build/system_stm32f3xx.o
 .debug_abbrev  0x000017e2       0x12 build/startup_stm32f303x8.o

.debug_loc      0x00000000     0xbb2e
 .debug_loc     0x00000000       0xca build/main.o
 .debug_loc     0x000000ca       0x20 build/stm32f3xx_it.o
 .debug_loc     0x000000ea       0xb2 build/stm32f3xx_hal_msp.o
 .debug_loc     0x0000019c     0x10c6 build/stm32f3xx_hal_rtc.o
 .debug_loc     0x00001262      0x1e1 build/stm32f3xx_hal.o
 .debug_loc     0x00001443      0xf59 build/stm32f3xx_hal_rcc.o
 .debug_loc     0x0000239c      0x7ce build/stm32f3xx_hal_rcc_ex.o
 .debug_loc     0x00002b6a      0x77f build/stm32f3xx_hal_cortex.o
 .debug_loc     0x000032e9     0x616b build/stm32f3xx_hal_tim.o
 .debug_loc     0x00009454     0x25b7 build/stm32f3xx_hal_tim_ex.o
 .debug_loc     0x0000ba0b      0x123 build/system_stm32f3xx.o

.debug_aranges  0x00000000      0x9a0
 .debug_aranges
                0x00000000       0x40 build/main.o
 .debug_aranges
                0x00000040       0x60 build/stm32f3xx_it.o
 .debug_aranges
                0x000000a0       0x40 build/stm32f3xx_hal_msp.o
 .debug_aranges
                0x000000e0       0xe8 build/stm32f3xx_hal_rtc.o
 .debug_aranges
                0x000001c8       0xe0 build/stm32f3xx_hal.o
 .debug_aranges
                0x000002a8       0x88 build/stm32f3xx_hal_rcc.o
 .debug_aranges
                0x00000330       0x38 build/stm32f3xx_hal_rcc_ex.o
 .debug_aranges
                0x00000368       0x90 build/stm32f3xx_hal_cortex.o
 .debug_aranges
                0x000003f8      0x3e0 build/stm32f3xx_hal_tim.o
 .debug_aranges
                0x000007d8      0x178 build/stm32f3xx_hal_tim_ex.o
 .debug_aranges
                0x00000950       0x28 build/system_stm32f3xx.o
 .debug_aranges
                0x00000978       0x28 build/startup_stm32f303x8.o

.debug_ranges   0x00000000      0x968
 .debug_ranges  0x00000000       0x30 build/main.o
 .debug_ranges  0x00000030       0x50 build/stm32f3xx_it.o
 .debug_ranges  0x00000080       0x30 build/stm32f3xx_hal_msp.o
 .debug_ranges  0x000000b0       0xd8 build/stm32f3xx_hal_rtc.o
 .debug_ranges  0x00000188       0xd0 build/stm32f3xx_hal.o
 .debug_ranges  0x00000258       0x98 build/stm32f3xx_hal_rcc.o
 .debug_ranges  0x000002f0       0x28 build/stm32f3xx_hal_rcc_ex.o
 .debug_ranges  0x00000318       0xe0 build/stm32f3xx_hal_cortex.o
 .debug_ranges  0x000003f8      0x3d0 build/stm32f3xx_hal_tim.o
 .debug_ranges  0x000007c8      0x168 build/stm32f3xx_hal_tim_ex.o
 .debug_ranges  0x00000930       0x18 build/system_stm32f3xx.o
 .debug_ranges  0x00000948       0x20 build/startup_stm32f303x8.o

.debug_line     0x00000000     0xae0e
 .debug_line    0x00000000      0x426 build/main.o
 .debug_line    0x00000426      0x172 build/stm32f3xx_it.o
 .debug_line    0x00000598      0x2ff build/stm32f3xx_hal_msp.o
 .debug_line    0x00000897     0x106b build/stm32f3xx_hal_rtc.o
 .debug_line    0x00001902      0x52c build/stm32f3xx_hal.o
 .debug_line    0x00001e2e     0x11c7 build/stm32f3xx_hal_rcc.o
 .debug_line    0x00002ff5      0x6f5 build/stm32f3xx_hal_rcc_ex.o
 .debug_line    0x000036ea      0x62d build/stm32f3xx_hal_cortex.o
 .debug_line    0x00003d17     0x50f6 build/stm32f3xx_hal_tim.o
 .debug_line    0x00008e0d     0x1d41 build/stm32f3xx_hal_tim_ex.o
 .debug_line    0x0000ab4e      0x24a build/system_stm32f3xx.o
 .debug_line    0x0000ad98       0x76 build/startup_stm32f303x8.o

.debug_str      0x00000000     0x31d3
 .debug_str     0x00000000      0xa7f build/main.o
                                0xb29 (size before relaxing)
 .debug_str     0x00000a7f       0xaf build/stm32f3xx_it.o
                                0x229 (size before relaxing)
 .debug_str     0x00000b2e       0xf6 build/stm32f3xx_hal_msp.o
                                0x8fe (size before relaxing)
 .debug_str     0x00000c24      0x3d6 build/stm32f3xx_hal_rtc.o
                                0x7b3 (size before relaxing)
 .debug_str     0x00000ffa      0x5ea build/stm32f3xx_hal.o
                                0x861 (size before relaxing)
 .debug_str     0x000015e4      0x269 build/stm32f3xx_hal_rcc.o
                                0x681 (size before relaxing)
 .debug_str     0x0000184d       0xc5 build/stm32f3xx_hal_rcc_ex.o
                                0x478 (size before relaxing)
 .debug_str     0x00001912      0x3b8 build/stm32f3xx_hal_cortex.o
                                0x8ee (size before relaxing)
 .debug_str     0x00001cca      0xf2e build/stm32f3xx_hal_tim.o
                               0x16ca (size before relaxing)
 .debug_str     0x00002bf8      0x56a build/stm32f3xx_hal_tim_ex.o
                                0xf05 (size before relaxing)
 .debug_str     0x00003162       0x4d build/system_stm32f3xx.o
                                0x2d4 (size before relaxing)
 .debug_str     0x000031af       0x24 build/startup_stm32f303x8.o
                                 0x69 (size before relaxing)

.comment        0x00000000       0x49
 .comment       0x00000000       0x49 build/main.o
                                 0x4a (size before relaxing)
 .comment       0x00000049       0x4a build/stm32f3xx_it.o
 .comment       0x00000049       0x4a build/stm32f3xx_hal_msp.o
 .comment       0x00000049       0x4a build/stm32f3xx_hal_rtc.o
 .comment       0x00000049       0x4a build/stm32f3xx_hal.o
 .comment       0x00000049       0x4a build/stm32f3xx_hal_rcc.o
 .comment       0x00000049       0x4a build/stm32f3xx_hal_rcc_ex.o
 .comment       0x00000049       0x4a build/stm32f3xx_hal_cortex.o
 .comment       0x00000049       0x4a build/stm32f3xx_hal_tim.o
 .comment       0x00000049       0x4a build/stm32f3xx_hal_tim_ex.o
 .comment       0x00000049       0x4a build/system_stm32f3xx.o

.debug_frame    0x00000000     0x1908
 .debug_frame   0x00000000       0x90 build/main.o
 .debug_frame   0x00000090       0xa8 build/stm32f3xx_it.o
 .debug_frame   0x00000138       0x70 build/stm32f3xx_hal_msp.o
 .debug_frame   0x000001a8      0x284 build/stm32f3xx_hal_rtc.o
 .debug_frame   0x0000042c      0x1cc build/stm32f3xx_hal.o
 .debug_frame   0x000005f8      0x170 build/stm32f3xx_hal_rcc.o
 .debug_frame   0x00000768       0x6c build/stm32f3xx_hal_rcc_ex.o
 .debug_frame   0x000007d4      0x118 build/stm32f3xx_hal_cortex.o
 .debug_frame   0x000008ec      0xb50 build/stm32f3xx_hal_tim.o
 .debug_frame   0x0000143c      0x450 build/stm32f3xx_hal_tim_ex.o
 .debug_frame   0x0000188c       0x30 build/system_stm32f3xx.o
 .debug_frame   0x000018bc       0x2c c:/program files (x86)/gnu arm embedded toolchain/10 2021.10/bin/../lib/gcc/arm-none-eabi/10.3.1/../../../../arm-none-eabi/lib/thumb/v7e-m+fp/hard\libc_nano.a(lib_a-init.o)
 .debug_frame   0x000018e8       0x20 c:/program files (x86)/gnu arm embedded toolchain/10 2021.10/bin/../lib/gcc/arm-none-eabi/10.3.1/../../../../arm-none-eabi/lib/thumb/v7e-m+fp/hard\libc_nano.a(lib_a-memset.o)

Cross Reference Table

Symbol                                            File
ADC1_2_IRQHandler                                 build/startup_stm32f303x8.o
AHBPrescTable                                     build/system_stm32f3xx.o
                                                  build/stm32f3xx_hal_rcc.o
APBPrescTable                                     build/system_stm32f3xx.o
                                                  build/stm32f3xx_hal_rcc.o
BusFault_Handler                                  build/stm32f3xx_it.o
CAN_RX0_IRQHandler                                build/startup_stm32f303x8.o
CAN_RX1_IRQHandler                                build/startup_stm32f303x8.o
CAN_SCE_IRQHandler                                build/startup_stm32f303x8.o
CAN_TX_IRQHandler                                 build/startup_stm32f303x8.o
COMP2_IRQHandler                                  build/startup_stm32f303x8.o
COMP4_6_IRQHandler                                build/startup_stm32f303x8.o
DMA1_Channel1_IRQHandler                          build/startup_stm32f303x8.o
DMA1_Channel2_IRQHandler                          build/startup_stm32f303x8.o
DMA1_Channel3_IRQHandler                          build/startup_stm32f303x8.o
DMA1_Channel4_IRQHandler                          build/startup_stm32f303x8.o
DMA1_Channel5_IRQHandler                          build/startup_stm32f303x8.o
DMA1_Channel6_IRQHandler                          build/startup_stm32f303x8.o
DMA1_Channel7_IRQHandler                          build/startup_stm32f303x8.o
DebugMon_Handler                                  build/stm32f3xx_it.o
Default_Handler                                   build/startup_stm32f303x8.o
EXTI0_IRQHandler                                  build/startup_stm32f303x8.o
EXTI15_10_IRQHandler                              build/startup_stm32f303x8.o
EXTI1_IRQHandler                                  build/startup_stm32f303x8.o
EXTI2_TSC_IRQHandler                              build/startup_stm32f303x8.o
EXTI3_IRQHandler                                  build/startup_stm32f303x8.o
EXTI4_IRQHandler                                  build/startup_stm32f303x8.o
EXTI9_5_IRQHandler                                build/startup_stm32f303x8.o
Error_Handler                                     build/main.o
FLASH_IRQHandler                                  build/startup_stm32f303x8.o
FLASH_PageErase                                   build/stm32f3xx_hal_flash_ex.o
                                                  build/stm32f3xx_hal_flash.o
FLASH_WaitForLastOperation                        build/stm32f3xx_hal_flash.o
                                                  build/stm32f3xx_hal_flash_ex.o
FPU_IRQHandler                                    build/startup_stm32f303x8.o
HAL_DBGMCU_DisableDBGSleepMode                    build/stm32f3xx_hal.o
HAL_DBGMCU_DisableDBGStandbyMode                  build/stm32f3xx_hal.o
HAL_DBGMCU_DisableDBGStopMode                     build/stm32f3xx_hal.o
HAL_DBGMCU_EnableDBGSleepMode                     build/stm32f3xx_hal.o
HAL_DBGMCU_EnableDBGStandbyMode                   build/stm32f3xx_hal.o
HAL_DBGMCU_EnableDBGStopMode                      build/stm32f3xx_hal.o
HAL_DMA_Abort                                     build/stm32f3xx_hal_dma.o
HAL_DMA_Abort_IT                                  build/stm32f3xx_hal_dma.o
                                                  build/stm32f3xx_hal_tim_ex.o
                                                  build/stm32f3xx_hal_tim.o
                                                  build/stm32f3xx_hal_i2c.o
HAL_DMA_DeInit                                    build/stm32f3xx_hal_dma.o
HAL_DMA_GetError                                  build/stm32f3xx_hal_dma.o
HAL_DMA_GetState                                  build/stm32f3xx_hal_dma.o
                                                  build/stm32f3xx_hal_i2c.o
HAL_DMA_IRQHandler                                build/stm32f3xx_hal_dma.o
HAL_DMA_Init                                      build/stm32f3xx_hal_dma.o
HAL_DMA_PollForTransfer                           build/stm32f3xx_hal_dma.o
HAL_DMA_RegisterCallback                          build/stm32f3xx_hal_dma.o
HAL_DMA_Start                                     build/stm32f3xx_hal_dma.o
HAL_DMA_Start_IT                                  build/stm32f3xx_hal_dma.o
                                                  build/stm32f3xx_hal_tim_ex.o
                                                  build/stm32f3xx_hal_tim.o
                                                  build/stm32f3xx_hal_i2c.o
HAL_DMA_UnRegisterCallback                        build/stm32f3xx_hal_dma.o
HAL_DeInit                                        build/stm32f3xx_hal.o
HAL_Delay                                         build/stm32f3xx_hal.o
HAL_EXTI_ClearConfigLine                          build/stm32f3xx_hal_exti.o
HAL_EXTI_ClearPending                             build/stm32f3xx_hal_exti.o
HAL_EXTI_GenerateSWI                              build/stm32f3xx_hal_exti.o
HAL_EXTI_GetConfigLine                            build/stm32f3xx_hal_exti.o
HAL_EXTI_GetHandle                                build/stm32f3xx_hal_exti.o
HAL_EXTI_GetPending                               build/stm32f3xx_hal_exti.o
HAL_EXTI_IRQHandler                               build/stm32f3xx_hal_exti.o
HAL_EXTI_RegisterCallback                         build/stm32f3xx_hal_exti.o
HAL_EXTI_SetConfigLine                            build/stm32f3xx_hal_exti.o
HAL_FLASHEx_Erase                                 build/stm32f3xx_hal_flash_ex.o
HAL_FLASHEx_Erase_IT                              build/stm32f3xx_hal_flash_ex.o
HAL_FLASHEx_OBErase                               build/stm32f3xx_hal_flash_ex.o
HAL_FLASHEx_OBGetConfig                           build/stm32f3xx_hal_flash_ex.o
HAL_FLASHEx_OBGetUserData                         build/stm32f3xx_hal_flash_ex.o
HAL_FLASHEx_OBProgram                             build/stm32f3xx_hal_flash_ex.o
HAL_FLASH_EndOfOperationCallback                  build/stm32f3xx_hal_flash.o
HAL_FLASH_GetError                                build/stm32f3xx_hal_flash.o
HAL_FLASH_IRQHandler                              build/stm32f3xx_hal_flash.o
HAL_FLASH_Lock                                    build/stm32f3xx_hal_flash.o
HAL_FLASH_OB_Launch                               build/stm32f3xx_hal_flash.o
HAL_FLASH_OB_Lock                                 build/stm32f3xx_hal_flash.o
HAL_FLASH_OB_Unlock                               build/stm32f3xx_hal_flash.o
HAL_FLASH_OperationErrorCallback                  build/stm32f3xx_hal_flash.o
HAL_FLASH_Program                                 build/stm32f3xx_hal_flash.o
HAL_FLASH_Program_IT                              build/stm32f3xx_hal_flash.o
HAL_FLASH_Unlock                                  build/stm32f3xx_hal_flash.o
HAL_GPIO_DeInit                                   build/stm32f3xx_hal_gpio.o
HAL_GPIO_EXTI_Callback                            build/stm32f3xx_hal_gpio.o
HAL_GPIO_EXTI_IRQHandler                          build/stm32f3xx_hal_gpio.o
HAL_GPIO_Init                                     build/stm32f3xx_hal_gpio.o
                                                  build/stm32f3xx_hal_rcc.o
HAL_GPIO_LockPin                                  build/stm32f3xx_hal_gpio.o
HAL_GPIO_ReadPin                                  build/stm32f3xx_hal_gpio.o
HAL_GPIO_TogglePin                                build/stm32f3xx_hal_gpio.o
HAL_GPIO_WritePin                                 build/stm32f3xx_hal_gpio.o
HAL_GetDEVID                                      build/stm32f3xx_hal.o
HAL_GetHalVersion                                 build/stm32f3xx_hal.o
HAL_GetREVID                                      build/stm32f3xx_hal.o
HAL_GetTick                                       build/stm32f3xx_hal.o
                                                  build/stm32f3xx_hal_i2c.o
                                                  build/stm32f3xx_hal_flash.o
                                                  build/stm32f3xx_hal_dma.o
                                                  build/stm32f3xx_hal_rcc_ex.o
                                                  build/stm32f3xx_hal_rcc.o
                                                  build/stm32f3xx_hal_rtc_ex.o
                                                  build/stm32f3xx_hal_rtc.o
HAL_GetTickFreq                                   build/stm32f3xx_hal.o
HAL_GetTickPrio                                   build/stm32f3xx_hal.o
HAL_GetUIDw0                                      build/stm32f3xx_hal.o
HAL_GetUIDw1                                      build/stm32f3xx_hal.o
HAL_GetUIDw2                                      build/stm32f3xx_hal.o
HAL_I2CEx_ConfigAnalogFilter                      build/stm32f3xx_hal_i2c_ex.o
HAL_I2CEx_ConfigDigitalFilter                     build/stm32f3xx_hal_i2c_ex.o
HAL_I2CEx_DisableFastModePlus                     build/stm32f3xx_hal_i2c_ex.o
HAL_I2CEx_DisableWakeUp                           build/stm32f3xx_hal_i2c_ex.o
HAL_I2CEx_EnableFastModePlus                      build/stm32f3xx_hal_i2c_ex.o
HAL_I2CEx_EnableWakeUp                            build/stm32f3xx_hal_i2c_ex.o
HAL_I2C_AbortCpltCallback                         build/stm32f3xx_hal_i2c.o
HAL_I2C_AddrCallback                              build/stm32f3xx_hal_i2c.o
HAL_I2C_DeInit                                    build/stm32f3xx_hal_i2c.o
HAL_I2C_DisableListen_IT                          build/stm32f3xx_hal_i2c.o
HAL_I2C_ER_IRQHandler                             build/stm32f3xx_hal_i2c.o
HAL_I2C_EV_IRQHandler                             build/stm32f3xx_hal_i2c.o
HAL_I2C_EnableListen_IT                           build/stm32f3xx_hal_i2c.o
HAL_I2C_ErrorCallback                             build/stm32f3xx_hal_i2c.o
HAL_I2C_GetError                                  build/stm32f3xx_hal_i2c.o
HAL_I2C_GetMode                                   build/stm32f3xx_hal_i2c.o
HAL_I2C_GetState                                  build/stm32f3xx_hal_i2c.o
HAL_I2C_Init                                      build/stm32f3xx_hal_i2c.o
HAL_I2C_IsDeviceReady                             build/stm32f3xx_hal_i2c.o
HAL_I2C_ListenCpltCallback                        build/stm32f3xx_hal_i2c.o
HAL_I2C_MasterRxCpltCallback                      build/stm32f3xx_hal_i2c.o
HAL_I2C_MasterTxCpltCallback                      build/stm32f3xx_hal_i2c.o
HAL_I2C_Master_Abort_IT                           build/stm32f3xx_hal_i2c.o
HAL_I2C_Master_Receive                            build/stm32f3xx_hal_i2c.o
HAL_I2C_Master_Receive_DMA                        build/stm32f3xx_hal_i2c.o
HAL_I2C_Master_Receive_IT                         build/stm32f3xx_hal_i2c.o
HAL_I2C_Master_Seq_Receive_DMA                    build/stm32f3xx_hal_i2c.o
HAL_I2C_Master_Seq_Receive_IT                     build/stm32f3xx_hal_i2c.o
HAL_I2C_Master_Seq_Transmit_DMA                   build/stm32f3xx_hal_i2c.o
HAL_I2C_Master_Seq_Transmit_IT                    build/stm32f3xx_hal_i2c.o
HAL_I2C_Master_Transmit                           build/stm32f3xx_hal_i2c.o
HAL_I2C_Master_Transmit_DMA                       build/stm32f3xx_hal_i2c.o
HAL_I2C_Master_Transmit_IT                        build/stm32f3xx_hal_i2c.o
HAL_I2C_MemRxCpltCallback                         build/stm32f3xx_hal_i2c.o
HAL_I2C_MemTxCpltCallback                         build/stm32f3xx_hal_i2c.o
HAL_I2C_Mem_Read                                  build/stm32f3xx_hal_i2c.o
HAL_I2C_Mem_Read_DMA                              build/stm32f3xx_hal_i2c.o
HAL_I2C_Mem_Read_IT                               build/stm32f3xx_hal_i2c.o
HAL_I2C_Mem_Write                                 build/stm32f3xx_hal_i2c.o
HAL_I2C_Mem_Write_DMA                             build/stm32f3xx_hal_i2c.o
HAL_I2C_Mem_Write_IT                              build/stm32f3xx_hal_i2c.o
HAL_I2C_MspDeInit                                 build/stm32f3xx_hal_i2c.o
HAL_I2C_MspInit                                   build/stm32f3xx_hal_i2c.o
HAL_I2C_SlaveRxCpltCallback                       build/stm32f3xx_hal_i2c.o
HAL_I2C_SlaveTxCpltCallback                       build/stm32f3xx_hal_i2c.o
HAL_I2C_Slave_Receive                             build/stm32f3xx_hal_i2c.o
HAL_I2C_Slave_Receive_DMA                         build/stm32f3xx_hal_i2c.o
HAL_I2C_Slave_Receive_IT                          build/stm32f3xx_hal_i2c.o
HAL_I2C_Slave_Seq_Receive_DMA                     build/stm32f3xx_hal_i2c.o
HAL_I2C_Slave_Seq_Receive_IT                      build/stm32f3xx_hal_i2c.o
HAL_I2C_Slave_Seq_Transmit_DMA                    build/stm32f3xx_hal_i2c.o
HAL_I2C_Slave_Seq_Transmit_IT                     build/stm32f3xx_hal_i2c.o
HAL_I2C_Slave_Transmit                            build/stm32f3xx_hal_i2c.o
HAL_I2C_Slave_Transmit_DMA                        build/stm32f3xx_hal_i2c.o
HAL_I2C_Slave_Transmit_IT                         build/stm32f3xx_hal_i2c.o
HAL_IncTick                                       build/stm32f3xx_hal.o
                                                  build/stm32f3xx_it.o
HAL_Init                                          build/stm32f3xx_hal.o
                                                  build/main.o
HAL_InitTick                                      build/stm32f3xx_hal.o
                                                  build/stm32f3xx_hal_rcc.o
HAL_MspDeInit                                     build/stm32f3xx_hal.o
HAL_MspInit                                       build/stm32f3xx_hal_msp.o
HAL_NVIC_ClearPendingIRQ                          build/stm32f3xx_hal_cortex.o
HAL_NVIC_DisableIRQ                               build/stm32f3xx_hal_cortex.o
HAL_NVIC_EnableIRQ                                build/stm32f3xx_hal_cortex.o
HAL_NVIC_GetActive                                build/stm32f3xx_hal_cortex.o
HAL_NVIC_GetPendingIRQ                            build/stm32f3xx_hal_cortex.o
HAL_NVIC_GetPriority                              build/stm32f3xx_hal_cortex.o
HAL_NVIC_GetPriorityGrouping                      build/stm32f3xx_hal_cortex.o
HAL_NVIC_SetPendingIRQ                            build/stm32f3xx_hal_cortex.o
HAL_NVIC_SetPriority                              build/stm32f3xx_hal_cortex.o
                                                  build/stm32f3xx_hal.o
HAL_NVIC_SetPriorityGrouping                      build/stm32f3xx_hal_cortex.o
                                                  build/stm32f3xx_hal.o
HAL_NVIC_SystemReset                              build/stm32f3xx_hal_cortex.o
HAL_PWR_ConfigPVD                                 build/stm32f3xx_hal_pwr_ex.o
HAL_PWR_DeInit                                    build/stm32f3xx_hal_pwr.o
HAL_PWR_DisableBkUpAccess                         build/stm32f3xx_hal_pwr.o
HAL_PWR_DisablePVD                                build/stm32f3xx_hal_pwr_ex.o
HAL_PWR_DisableSEVOnPend                          build/stm32f3xx_hal_pwr.o
HAL_PWR_DisableSleepOnExit                        build/stm32f3xx_hal_pwr.o
HAL_PWR_DisableWakeUpPin                          build/stm32f3xx_hal_pwr.o
HAL_PWR_EnableBkUpAccess                          build/stm32f3xx_hal_pwr.o
HAL_PWR_EnablePVD                                 build/stm32f3xx_hal_pwr_ex.o
HAL_PWR_EnableSEVOnPend                           build/stm32f3xx_hal_pwr.o
HAL_PWR_EnableSleepOnExit                         build/stm32f3xx_hal_pwr.o
HAL_PWR_EnableWakeUpPin                           build/stm32f3xx_hal_pwr.o
HAL_PWR_EnterSLEEPMode                            build/stm32f3xx_hal_pwr.o
HAL_PWR_EnterSTANDBYMode                          build/stm32f3xx_hal_pwr.o
HAL_PWR_EnterSTOPMode                             build/stm32f3xx_hal_pwr.o
HAL_PWR_PVDCallback                               build/stm32f3xx_hal_pwr_ex.o
HAL_PWR_PVD_IRQHandler                            build/stm32f3xx_hal_pwr_ex.o
HAL_RCCEx_GetPeriphCLKConfig                      build/stm32f3xx_hal_rcc_ex.o
HAL_RCCEx_GetPeriphCLKFreq                        build/stm32f3xx_hal_rcc_ex.o
HAL_RCCEx_PeriphCLKConfig                         build/stm32f3xx_hal_rcc_ex.o
                                                  build/main.o
HAL_RCC_CSSCallback                               build/stm32f3xx_hal_rcc.o
HAL_RCC_ClockConfig                               build/stm32f3xx_hal_rcc.o
                                                  build/main.o
HAL_RCC_DeInit                                    build/stm32f3xx_hal_rcc.o
HAL_RCC_DisableCSS                                build/stm32f3xx_hal_rcc.o
HAL_RCC_EnableCSS                                 build/stm32f3xx_hal_rcc.o
HAL_RCC_GetClockConfig                            build/stm32f3xx_hal_rcc.o
HAL_RCC_GetHCLKFreq                               build/stm32f3xx_hal_rcc.o
HAL_RCC_GetOscConfig                              build/stm32f3xx_hal_rcc.o
HAL_RCC_GetPCLK1Freq                              build/stm32f3xx_hal_rcc.o
                                                  build/stm32f3xx_hal_rcc_ex.o
HAL_RCC_GetPCLK2Freq                              build/stm32f3xx_hal_rcc.o
HAL_RCC_GetSysClockFreq                           build/stm32f3xx_hal_rcc.o
                                                  build/stm32f3xx_hal_rcc_ex.o
HAL_RCC_MCOConfig                                 build/stm32f3xx_hal_rcc.o
HAL_RCC_NMI_IRQHandler                            build/stm32f3xx_hal_rcc.o
HAL_RCC_OscConfig                                 build/stm32f3xx_hal_rcc.o
                                                  build/main.o
HAL_RTCEx_AlarmBEventCallback                     build/stm32f3xx_hal_rtc_ex.o
                                                  build/stm32f3xx_hal_rtc.o
HAL_RTCEx_BKUPRead                                build/stm32f3xx_hal_rtc_ex.o
HAL_RTCEx_BKUPWrite                               build/stm32f3xx_hal_rtc_ex.o
HAL_RTCEx_DeactivateCalibrationOutPut             build/stm32f3xx_hal_rtc_ex.o
HAL_RTCEx_DeactivateRefClock                      build/stm32f3xx_hal_rtc_ex.o
HAL_RTCEx_DeactivateTamper                        build/stm32f3xx_hal_rtc_ex.o
HAL_RTCEx_DeactivateTimeStamp                     build/stm32f3xx_hal_rtc_ex.o
HAL_RTCEx_DeactivateWakeUpTimer                   build/stm32f3xx_hal_rtc_ex.o
HAL_RTCEx_DisableBypassShadow                     build/stm32f3xx_hal_rtc_ex.o
HAL_RTCEx_EnableBypassShadow                      build/stm32f3xx_hal_rtc_ex.o
HAL_RTCEx_GetTimeStamp                            build/stm32f3xx_hal_rtc_ex.o
HAL_RTCEx_GetWakeUpTimer                          build/stm32f3xx_hal_rtc_ex.o
HAL_RTCEx_PollForAlarmBEvent                      build/stm32f3xx_hal_rtc_ex.o
HAL_RTCEx_PollForTamper1Event                     build/stm32f3xx_hal_rtc_ex.o
HAL_RTCEx_PollForTamper2Event                     build/stm32f3xx_hal_rtc_ex.o
HAL_RTCEx_PollForTimeStampEvent                   build/stm32f3xx_hal_rtc_ex.o
HAL_RTCEx_PollForWakeUpTimerEvent                 build/stm32f3xx_hal_rtc_ex.o
HAL_RTCEx_SetCalibrationOutPut                    build/stm32f3xx_hal_rtc_ex.o
HAL_RTCEx_SetRefClock                             build/stm32f3xx_hal_rtc_ex.o
HAL_RTCEx_SetSmoothCalib                          build/stm32f3xx_hal_rtc_ex.o
HAL_RTCEx_SetSynchroShift                         build/stm32f3xx_hal_rtc_ex.o
HAL_RTCEx_SetTamper                               build/stm32f3xx_hal_rtc_ex.o
HAL_RTCEx_SetTamper_IT                            build/stm32f3xx_hal_rtc_ex.o
HAL_RTCEx_SetTimeStamp                            build/stm32f3xx_hal_rtc_ex.o
HAL_RTCEx_SetTimeStamp_IT                         build/stm32f3xx_hal_rtc_ex.o
HAL_RTCEx_SetWakeUpTimer                          build/stm32f3xx_hal_rtc_ex.o
HAL_RTCEx_SetWakeUpTimer_IT                       build/stm32f3xx_hal_rtc_ex.o
HAL_RTCEx_Tamper1EventCallback                    build/stm32f3xx_hal_rtc_ex.o
HAL_RTCEx_Tamper2EventCallback                    build/stm32f3xx_hal_rtc_ex.o
HAL_RTCEx_TamperTimeStampIRQHandler               build/stm32f3xx_hal_rtc_ex.o
HAL_RTCEx_TimeStampEventCallback                  build/stm32f3xx_hal_rtc_ex.o
HAL_RTCEx_WakeUpTimerEventCallback                build/stm32f3xx_hal_rtc_ex.o
HAL_RTCEx_WakeUpTimerIRQHandler                   build/stm32f3xx_hal_rtc_ex.o
HAL_RTC_AlarmAEventCallback                       build/stm32f3xx_hal_rtc.o
HAL_RTC_AlarmIRQHandler                           build/stm32f3xx_hal_rtc.o
HAL_RTC_DST_Add1Hour                              build/stm32f3xx_hal_rtc.o
HAL_RTC_DST_ClearStoreOperation                   build/stm32f3xx_hal_rtc.o
HAL_RTC_DST_ReadStoreOperation                    build/stm32f3xx_hal_rtc.o
HAL_RTC_DST_SetStoreOperation                     build/stm32f3xx_hal_rtc.o
HAL_RTC_DST_Sub1Hour                              build/stm32f3xx_hal_rtc.o
HAL_RTC_DeInit                                    build/stm32f3xx_hal_rtc.o
HAL_RTC_DeactivateAlarm                           build/stm32f3xx_hal_rtc.o
HAL_RTC_GetAlarm                                  build/stm32f3xx_hal_rtc.o
HAL_RTC_GetDate                                   build/stm32f3xx_hal_rtc.o
HAL_RTC_GetState                                  build/stm32f3xx_hal_rtc.o
HAL_RTC_GetTime                                   build/stm32f3xx_hal_rtc.o
HAL_RTC_Init                                      build/stm32f3xx_hal_rtc.o
                                                  build/main.o
HAL_RTC_MspDeInit                                 build/stm32f3xx_hal_msp.o
HAL_RTC_MspInit                                   build/stm32f3xx_hal_msp.o
HAL_RTC_PollForAlarmAEvent                        build/stm32f3xx_hal_rtc.o
HAL_RTC_SetAlarm                                  build/stm32f3xx_hal_rtc.o
HAL_RTC_SetAlarm_IT                               build/stm32f3xx_hal_rtc.o
HAL_RTC_SetDate                                   build/stm32f3xx_hal_rtc.o
HAL_RTC_SetTime                                   build/stm32f3xx_hal_rtc.o
HAL_RTC_WaitForSynchro                            build/stm32f3xx_hal_rtc.o
                                                  build/stm32f3xx_hal_rtc_ex.o
HAL_ResumeTick                                    build/stm32f3xx_hal.o
HAL_SYSTICK_CLKSourceConfig                       build/stm32f3xx_hal_cortex.o
HAL_SYSTICK_Callback                              build/stm32f3xx_hal_cortex.o
HAL_SYSTICK_Config                                build/stm32f3xx_hal_cortex.o
                                                  build/stm32f3xx_hal.o
HAL_SYSTICK_IRQHandler                            build/stm32f3xx_hal_cortex.o
HAL_SetTickFreq                                   build/stm32f3xx_hal.o
HAL_SuspendTick                                   build/stm32f3xx_hal.o
HAL_TIMEx_Break2Callback                          build/stm32f3xx_hal_tim_ex.o
                                                  build/stm32f3xx_hal_tim.o
HAL_TIMEx_BreakCallback                           build/stm32f3xx_hal_tim_ex.o
                                                  build/stm32f3xx_hal_tim.o
HAL_TIMEx_CommutCallback                          build/stm32f3xx_hal_tim_ex.o
                                                  build/stm32f3xx_hal_tim.o
HAL_TIMEx_CommutHalfCpltCallback                  build/stm32f3xx_hal_tim_ex.o
HAL_TIMEx_ConfigBreakDeadTime                     build/stm32f3xx_hal_tim_ex.o
HAL_TIMEx_ConfigCommutEvent                       build/stm32f3xx_hal_tim_ex.o
HAL_TIMEx_ConfigCommutEvent_DMA                   build/stm32f3xx_hal_tim_ex.o
HAL_TIMEx_ConfigCommutEvent_IT                    build/stm32f3xx_hal_tim_ex.o
HAL_TIMEx_GetChannelNState                        build/stm32f3xx_hal_tim_ex.o
HAL_TIMEx_GroupChannel5                           build/stm32f3xx_hal_tim_ex.o
HAL_TIMEx_HallSensor_DeInit                       build/stm32f3xx_hal_tim_ex.o
HAL_TIMEx_HallSensor_GetState                     build/stm32f3xx_hal_tim_ex.o
HAL_TIMEx_HallSensor_Init                         build/stm32f3xx_hal_tim_ex.o
HAL_TIMEx_HallSensor_MspDeInit                    build/stm32f3xx_hal_tim_ex.o
HAL_TIMEx_HallSensor_MspInit                      build/stm32f3xx_hal_tim_ex.o
HAL_TIMEx_HallSensor_Start                        build/stm32f3xx_hal_tim_ex.o
HAL_TIMEx_HallSensor_Start_DMA                    build/stm32f3xx_hal_tim_ex.o
HAL_TIMEx_HallSensor_Start_IT                     build/stm32f3xx_hal_tim_ex.o
HAL_TIMEx_HallSensor_Stop                         build/stm32f3xx_hal_tim_ex.o
HAL_TIMEx_HallSensor_Stop_DMA                     build/stm32f3xx_hal_tim_ex.o
HAL_TIMEx_HallSensor_Stop_IT                      build/stm32f3xx_hal_tim_ex.o
HAL_TIMEx_MasterConfigSynchronization             build/stm32f3xx_hal_tim_ex.o
                                                  build/main.o
HAL_TIMEx_OCN_Start                               build/stm32f3xx_hal_tim_ex.o
HAL_TIMEx_OCN_Start_DMA                           build/stm32f3xx_hal_tim_ex.o
HAL_TIMEx_OCN_Start_IT                            build/stm32f3xx_hal_tim_ex.o
HAL_TIMEx_OCN_Stop                                build/stm32f3xx_hal_tim_ex.o
HAL_TIMEx_OCN_Stop_DMA                            build/stm32f3xx_hal_tim_ex.o
HAL_TIMEx_OCN_Stop_IT                             build/stm32f3xx_hal_tim_ex.o
HAL_TIMEx_OnePulseN_Start                         build/stm32f3xx_hal_tim_ex.o
HAL_TIMEx_OnePulseN_Start_IT                      build/stm32f3xx_hal_tim_ex.o
HAL_TIMEx_OnePulseN_Stop                          build/stm32f3xx_hal_tim_ex.o
HAL_TIMEx_OnePulseN_Stop_IT                       build/stm32f3xx_hal_tim_ex.o
HAL_TIMEx_PWMN_Start                              build/stm32f3xx_hal_tim_ex.o
HAL_TIMEx_PWMN_Start_DMA                          build/stm32f3xx_hal_tim_ex.o
HAL_TIMEx_PWMN_Start_IT                           build/stm32f3xx_hal_tim_ex.o
HAL_TIMEx_PWMN_Stop                               build/stm32f3xx_hal_tim_ex.o
HAL_TIMEx_PWMN_Stop_DMA                           build/stm32f3xx_hal_tim_ex.o
HAL_TIMEx_PWMN_Stop_IT                            build/stm32f3xx_hal_tim_ex.o
HAL_TIMEx_RemapConfig                             build/stm32f3xx_hal_tim_ex.o
HAL_TIM_Base_DeInit                               build/stm32f3xx_hal_tim.o
HAL_TIM_Base_GetState                             build/stm32f3xx_hal_tim.o
HAL_TIM_Base_Init                                 build/stm32f3xx_hal_tim.o
                                                  build/main.o
HAL_TIM_Base_MspDeInit                            build/stm32f3xx_hal_msp.o
HAL_TIM_Base_MspInit                              build/stm32f3xx_hal_msp.o
HAL_TIM_Base_Start                                build/stm32f3xx_hal_tim.o
HAL_TIM_Base_Start_DMA                            build/stm32f3xx_hal_tim.o
HAL_TIM_Base_Start_IT                             build/stm32f3xx_hal_tim.o
HAL_TIM_Base_Stop                                 build/stm32f3xx_hal_tim.o
HAL_TIM_Base_Stop_DMA                             build/stm32f3xx_hal_tim.o
HAL_TIM_Base_Stop_IT                              build/stm32f3xx_hal_tim.o
HAL_TIM_ConfigClockSource                         build/stm32f3xx_hal_tim.o
HAL_TIM_ConfigOCrefClear                          build/stm32f3xx_hal_tim.o
HAL_TIM_ConfigTI1Input                            build/stm32f3xx_hal_tim.o
HAL_TIM_DMABurstState                             build/stm32f3xx_hal_tim.o
HAL_TIM_DMABurst_MultiReadStart                   build/stm32f3xx_hal_tim.o
HAL_TIM_DMABurst_MultiWriteStart                  build/stm32f3xx_hal_tim.o
HAL_TIM_DMABurst_ReadStart                        build/stm32f3xx_hal_tim.o
HAL_TIM_DMABurst_ReadStop                         build/stm32f3xx_hal_tim.o
HAL_TIM_DMABurst_WriteStart                       build/stm32f3xx_hal_tim.o
HAL_TIM_DMABurst_WriteStop                        build/stm32f3xx_hal_tim.o
HAL_TIM_Encoder_DeInit                            build/stm32f3xx_hal_tim.o
HAL_TIM_Encoder_GetState                          build/stm32f3xx_hal_tim.o
HAL_TIM_Encoder_Init                              build/stm32f3xx_hal_tim.o
HAL_TIM_Encoder_MspDeInit                         build/stm32f3xx_hal_tim.o
HAL_TIM_Encoder_MspInit                           build/stm32f3xx_hal_tim.o
HAL_TIM_Encoder_Start                             build/stm32f3xx_hal_tim.o
HAL_TIM_Encoder_Start_DMA                         build/stm32f3xx_hal_tim.o
HAL_TIM_Encoder_Start_IT                          build/stm32f3xx_hal_tim.o
HAL_TIM_Encoder_Stop                              build/stm32f3xx_hal_tim.o
HAL_TIM_Encoder_Stop_DMA                          build/stm32f3xx_hal_tim.o
HAL_TIM_Encoder_Stop_IT                           build/stm32f3xx_hal_tim.o
HAL_TIM_ErrorCallback                             build/stm32f3xx_hal_tim.o
                                                  build/stm32f3xx_hal_tim_ex.o
HAL_TIM_GenerateEvent                             build/stm32f3xx_hal_tim.o
HAL_TIM_GetActiveChannel                          build/stm32f3xx_hal_tim.o
HAL_TIM_GetChannelState                           build/stm32f3xx_hal_tim.o
HAL_TIM_IC_CaptureCallback                        build/stm32f3xx_hal_tim.o
HAL_TIM_IC_CaptureHalfCpltCallback                build/stm32f3xx_hal_tim.o
HAL_TIM_IC_ConfigChannel                          build/stm32f3xx_hal_tim.o
HAL_TIM_IC_DeInit                                 build/stm32f3xx_hal_tim.o
HAL_TIM_IC_GetState                               build/stm32f3xx_hal_tim.o
HAL_TIM_IC_Init                                   build/stm32f3xx_hal_tim.o
HAL_TIM_IC_MspDeInit                              build/stm32f3xx_hal_tim.o
HAL_TIM_IC_MspInit                                build/stm32f3xx_hal_tim.o
HAL_TIM_IC_Start                                  build/stm32f3xx_hal_tim.o
HAL_TIM_IC_Start_DMA                              build/stm32f3xx_hal_tim.o
HAL_TIM_IC_Start_IT                               build/stm32f3xx_hal_tim.o
HAL_TIM_IC_Stop                                   build/stm32f3xx_hal_tim.o
HAL_TIM_IC_Stop_DMA                               build/stm32f3xx_hal_tim.o
HAL_TIM_IC_Stop_IT                                build/stm32f3xx_hal_tim.o
HAL_TIM_IRQHandler                                build/stm32f3xx_hal_tim.o
HAL_TIM_OC_ConfigChannel                          build/stm32f3xx_hal_tim.o
HAL_TIM_OC_DeInit                                 build/stm32f3xx_hal_tim.o
HAL_TIM_OC_DelayElapsedCallback                   build/stm32f3xx_hal_tim.o
HAL_TIM_OC_GetState                               build/stm32f3xx_hal_tim.o
HAL_TIM_OC_Init                                   build/stm32f3xx_hal_tim.o
HAL_TIM_OC_MspDeInit                              build/stm32f3xx_hal_tim.o
HAL_TIM_OC_MspInit                                build/stm32f3xx_hal_tim.o
HAL_TIM_OC_Start                                  build/stm32f3xx_hal_tim.o
HAL_TIM_OC_Start_DMA                              build/stm32f3xx_hal_tim.o
HAL_TIM_OC_Start_IT                               build/stm32f3xx_hal_tim.o
HAL_TIM_OC_Stop                                   build/stm32f3xx_hal_tim.o
HAL_TIM_OC_Stop_DMA                               build/stm32f3xx_hal_tim.o
HAL_TIM_OC_Stop_IT                                build/stm32f3xx_hal_tim.o
HAL_TIM_OnePulse_ConfigChannel                    build/stm32f3xx_hal_tim.o
HAL_TIM_OnePulse_DeInit                           build/stm32f3xx_hal_tim.o
HAL_TIM_OnePulse_GetState                         build/stm32f3xx_hal_tim.o
HAL_TIM_OnePulse_Init                             build/stm32f3xx_hal_tim.o
HAL_TIM_OnePulse_MspDeInit                        build/stm32f3xx_hal_tim.o
HAL_TIM_OnePulse_MspInit                          build/stm32f3xx_hal_tim.o
HAL_TIM_OnePulse_Start                            build/stm32f3xx_hal_tim.o
HAL_TIM_OnePulse_Start_IT                         build/stm32f3xx_hal_tim.o
HAL_TIM_OnePulse_Stop                             build/stm32f3xx_hal_tim.o
HAL_TIM_OnePulse_Stop_IT                          build/stm32f3xx_hal_tim.o
HAL_TIM_PWM_ConfigChannel                         build/stm32f3xx_hal_tim.o
HAL_TIM_PWM_DeInit                                build/stm32f3xx_hal_tim.o
HAL_TIM_PWM_GetState                              build/stm32f3xx_hal_tim.o
HAL_TIM_PWM_Init                                  build/stm32f3xx_hal_tim.o
HAL_TIM_PWM_MspDeInit                             build/stm32f3xx_hal_tim.o
HAL_TIM_PWM_MspInit                               build/stm32f3xx_hal_tim.o
HAL_TIM_PWM_PulseFinishedCallback                 build/stm32f3xx_hal_tim.o
                                                  build/stm32f3xx_hal_tim_ex.o
HAL_TIM_PWM_PulseFinishedHalfCpltCallback         build/stm32f3xx_hal_tim.o
HAL_TIM_PWM_Start                                 build/stm32f3xx_hal_tim.o
HAL_TIM_PWM_Start_DMA                             build/stm32f3xx_hal_tim.o
HAL_TIM_PWM_Start_IT                              build/stm32f3xx_hal_tim.o
HAL_TIM_PWM_Stop                                  build/stm32f3xx_hal_tim.o
HAL_TIM_PWM_Stop_DMA                              build/stm32f3xx_hal_tim.o
HAL_TIM_PWM_Stop_IT                               build/stm32f3xx_hal_tim.o
HAL_TIM_PeriodElapsedCallback                     build/stm32f3xx_hal_tim.o
HAL_TIM_PeriodElapsedHalfCpltCallback             build/stm32f3xx_hal_tim.o
HAL_TIM_ReadCapturedValue                         build/stm32f3xx_hal_tim.o
HAL_TIM_SlaveConfigSynchro                        build/stm32f3xx_hal_tim.o
HAL_TIM_SlaveConfigSynchro_IT                     build/stm32f3xx_hal_tim.o
HAL_TIM_TriggerCallback                           build/stm32f3xx_hal_tim.o
HAL_TIM_TriggerHalfCpltCallback                   build/stm32f3xx_hal_tim.o
HardFault_Handler                                 build/stm32f3xx_it.o
I2C1_ER_IRQHandler                                build/startup_stm32f303x8.o
I2C1_EV_IRQHandler                                build/startup_stm32f303x8.o
MemManage_Handler                                 build/stm32f3xx_it.o
NMI_Handler                                       build/stm32f3xx_it.o
PVD_IRQHandler                                    build/startup_stm32f303x8.o
PendSV_Handler                                    build/stm32f3xx_it.o
RCC_IRQHandler                                    build/startup_stm32f303x8.o
RTC_Alarm_IRQHandler                              build/startup_stm32f303x8.o
RTC_Bcd2ToByte                                    build/stm32f3xx_hal_rtc.o
                                                  build/stm32f3xx_hal_rtc_ex.o
RTC_ByteToBcd2                                    build/stm32f3xx_hal_rtc.o
RTC_EnterInitMode                                 build/stm32f3xx_hal_rtc.o
                                                  build/stm32f3xx_hal_rtc_ex.o
RTC_ExitInitMode                                  build/stm32f3xx_hal_rtc.o
                                                  build/stm32f3xx_hal_rtc_ex.o
RTC_WKUP_IRQHandler                               build/startup_stm32f303x8.o
Reset_Handler                                     build/startup_stm32f303x8.o
SPI1_IRQHandler                                   build/startup_stm32f303x8.o
SVC_Handler                                       build/stm32f3xx_it.o
SysTick_Handler                                   build/stm32f3xx_it.o
SystemClock_Config                                build/main.o
SystemCoreClock                                   build/system_stm32f3xx.o
                                                  build/stm32f3xx_hal_rcc_ex.o
                                                  build/stm32f3xx_hal_rcc.o
                                                  build/stm32f3xx_hal.o
                                                  build/stm32f3xx_hal_rtc_ex.o
                                                  build/stm32f3xx_hal_rtc.o
SystemCoreClockUpdate                             build/system_stm32f3xx.o
SystemInit                                        build/system_stm32f3xx.o
                                                  build/startup_stm32f303x8.o
TAMP_STAMP_IRQHandler                             build/startup_stm32f303x8.o
TIM1_BRK_TIM15_IRQHandler                         build/startup_stm32f303x8.o
TIM1_CC_IRQHandler                                build/startup_stm32f303x8.o
TIM1_TRG_COM_TIM17_IRQHandler                     build/startup_stm32f303x8.o
TIM1_UP_TIM16_IRQHandler                          build/startup_stm32f303x8.o
TIM2_IRQHandler                                   build/startup_stm32f303x8.o
TIM3_IRQHandler                                   build/startup_stm32f303x8.o
TIM6_DAC1_IRQHandler                              build/startup_stm32f303x8.o
TIM7_DAC2_IRQHandler                              build/startup_stm32f303x8.o
TIMEx_DMACommutationCplt                          build/stm32f3xx_hal_tim_ex.o
                                                  build/stm32f3xx_hal_tim.o
TIMEx_DMACommutationHalfCplt                      build/stm32f3xx_hal_tim_ex.o
                                                  build/stm32f3xx_hal_tim.o
TIM_Base_SetConfig                                build/stm32f3xx_hal_tim.o
                                                  build/stm32f3xx_hal_tim_ex.o
TIM_CCxChannelCmd                                 build/stm32f3xx_hal_tim.o
                                                  build/stm32f3xx_hal_tim_ex.o
TIM_DMACaptureCplt                                build/stm32f3xx_hal_tim.o
                                                  build/stm32f3xx_hal_tim_ex.o
TIM_DMACaptureHalfCplt                            build/stm32f3xx_hal_tim.o
                                                  build/stm32f3xx_hal_tim_ex.o
TIM_DMADelayPulseHalfCplt                         build/stm32f3xx_hal_tim.o
                                                  build/stm32f3xx_hal_tim_ex.o
TIM_DMAError                                      build/stm32f3xx_hal_tim.o
                                                  build/stm32f3xx_hal_tim_ex.o
TIM_ETR_SetConfig                                 build/stm32f3xx_hal_tim.o
TIM_OC2_SetConfig                                 build/stm32f3xx_hal_tim.o
                                                  build/stm32f3xx_hal_tim_ex.o
TIM_TI1_SetConfig                                 build/stm32f3xx_hal_tim.o
                                                  build/stm32f3xx_hal_tim_ex.o
USART1_IRQHandler                                 build/startup_stm32f303x8.o
USART2_IRQHandler                                 build/startup_stm32f303x8.o
USART3_IRQHandler                                 build/startup_stm32f303x8.o
UsageFault_Handler                                build/stm32f3xx_it.o
WWDG_IRQHandler                                   build/startup_stm32f303x8.o
__bss_end__                                       c:/program files (x86)/gnu arm embedded toolchain/10 2021.10/bin/../lib/gcc/arm-none-eabi/10.3.1/../../../../arm-none-eabi/lib/thumb/v7e-m+fp/hard/crt0.o
__bss_start__                                     c:/program files (x86)/gnu arm embedded toolchain/10 2021.10/bin/../lib/gcc/arm-none-eabi/10.3.1/../../../../arm-none-eabi/lib/thumb/v7e-m+fp/hard/crt0.o
__call_exitprocs                                  c:/program files (x86)/gnu arm embedded toolchain/10 2021.10/bin/../lib/gcc/arm-none-eabi/10.3.1/../../../../arm-none-eabi/lib/thumb/v7e-m+fp/hard\libc_nano.a(lib_a-exit.o)
__deregister_frame_info                           c:/program files (x86)/gnu arm embedded toolchain/10 2021.10/bin/../lib/gcc/arm-none-eabi/10.3.1/thumb/v7e-m+fp/hard/crtbegin.o
__dso_handle                                      c:/program files (x86)/gnu arm embedded toolchain/10 2021.10/bin/../lib/gcc/arm-none-eabi/10.3.1/thumb/v7e-m+fp/hard/crtbegin.o
__init_array_end                                  c:/program files (x86)/gnu arm embedded toolchain/10 2021.10/bin/../lib/gcc/arm-none-eabi/10.3.1/../../../../arm-none-eabi/lib/thumb/v7e-m+fp/hard\libc_nano.a(lib_a-init.o)
__init_array_start                                c:/program files (x86)/gnu arm embedded toolchain/10 2021.10/bin/../lib/gcc/arm-none-eabi/10.3.1/../../../../arm-none-eabi/lib/thumb/v7e-m+fp/hard\libc_nano.a(lib_a-init.o)
__libc_fini_array                                 c:/program files (x86)/gnu arm embedded toolchain/10 2021.10/bin/../lib/gcc/arm-none-eabi/10.3.1/../../../../arm-none-eabi/lib/thumb/v7e-m+fp/hard/crt0.o
__libc_init_array                                 c:/program files (x86)/gnu arm embedded toolchain/10 2021.10/bin/../lib/gcc/arm-none-eabi/10.3.1/../../../../arm-none-eabi/lib/thumb/v7e-m+fp/hard\libc_nano.a(lib_a-init.o)
                                                  build/startup_stm32f303x8.o
                                                  c:/program files (x86)/gnu arm embedded toolchain/10 2021.10/bin/../lib/gcc/arm-none-eabi/10.3.1/../../../../arm-none-eabi/lib/thumb/v7e-m+fp/hard/crt0.o
__preinit_array_end                               c:/program files (x86)/gnu arm embedded toolchain/10 2021.10/bin/../lib/gcc/arm-none-eabi/10.3.1/../../../../arm-none-eabi/lib/thumb/v7e-m+fp/hard\libc_nano.a(lib_a-init.o)
__preinit_array_start                             c:/program files (x86)/gnu arm embedded toolchain/10 2021.10/bin/../lib/gcc/arm-none-eabi/10.3.1/../../../../arm-none-eabi/lib/thumb/v7e-m+fp/hard\libc_nano.a(lib_a-init.o)
__register_frame_info                             c:/program files (x86)/gnu arm embedded toolchain/10 2021.10/bin/../lib/gcc/arm-none-eabi/10.3.1/thumb/v7e-m+fp/hard/crtbegin.o
__sf_fake_stderr                                  c:/program files (x86)/gnu arm embedded toolchain/10 2021.10/bin/../lib/gcc/arm-none-eabi/10.3.1/../../../../arm-none-eabi/lib/thumb/v7e-m+fp/hard\libc_nano.a(lib_a-impure.o)
__sf_fake_stdin                                   c:/program files (x86)/gnu arm embedded toolchain/10 2021.10/bin/../lib/gcc/arm-none-eabi/10.3.1/../../../../arm-none-eabi/lib/thumb/v7e-m+fp/hard\libc_nano.a(lib_a-impure.o)
__sf_fake_stdout                                  c:/program files (x86)/gnu arm embedded toolchain/10 2021.10/bin/../lib/gcc/arm-none-eabi/10.3.1/../../../../arm-none-eabi/lib/thumb/v7e-m+fp/hard\libc_nano.a(lib_a-impure.o)
__stack                                           c:/program files (x86)/gnu arm embedded toolchain/10 2021.10/bin/../lib/gcc/arm-none-eabi/10.3.1/../../../../arm-none-eabi/lib/thumb/v7e-m+fp/hard/crt0.o
_ebss                                             build/startup_stm32f303x8.o
_edata                                            build/startup_stm32f303x8.o
_estack                                           build/startup_stm32f303x8.o
_exit                                             c:/program files (x86)/gnu arm embedded toolchain/10 2021.10/bin/../lib/gcc/arm-none-eabi/10.3.1/../../../../arm-none-eabi/lib/thumb/v7e-m+fp/hard\libnosys.a(_exit.o)
                                                  c:/program files (x86)/gnu arm embedded toolchain/10 2021.10/bin/../lib/gcc/arm-none-eabi/10.3.1/../../../../arm-none-eabi/lib/thumb/v7e-m+fp/hard\libc_nano.a(lib_a-exit.o)
_fini                                             c:/program files (x86)/gnu arm embedded toolchain/10 2021.10/bin/../lib/gcc/arm-none-eabi/10.3.1/thumb/v7e-m+fp/hard/crti.o
_global_impure_ptr                                c:/program files (x86)/gnu arm embedded toolchain/10 2021.10/bin/../lib/gcc/arm-none-eabi/10.3.1/../../../../arm-none-eabi/lib/thumb/v7e-m+fp/hard\libc_nano.a(lib_a-impure.o)
                                                  c:/program files (x86)/gnu arm embedded toolchain/10 2021.10/bin/../lib/gcc/arm-none-eabi/10.3.1/../../../../arm-none-eabi/lib/thumb/v7e-m+fp/hard\libc_nano.a(lib_a-exit.o)
_impure_ptr                                       c:/program files (x86)/gnu arm embedded toolchain/10 2021.10/bin/../lib/gcc/arm-none-eabi/10.3.1/../../../../arm-none-eabi/lib/thumb/v7e-m+fp/hard\libc_nano.a(lib_a-impure.o)
_init                                             c:/program files (x86)/gnu arm embedded toolchain/10 2021.10/bin/../lib/gcc/arm-none-eabi/10.3.1/thumb/v7e-m+fp/hard/crti.o
                                                  c:/program files (x86)/gnu arm embedded toolchain/10 2021.10/bin/../lib/gcc/arm-none-eabi/10.3.1/../../../../arm-none-eabi/lib/thumb/v7e-m+fp/hard\libc_nano.a(lib_a-init.o)
_mainCRTStartup                                   c:/program files (x86)/gnu arm embedded toolchain/10 2021.10/bin/../lib/gcc/arm-none-eabi/10.3.1/../../../../arm-none-eabi/lib/thumb/v7e-m+fp/hard/crt0.o
_sbss                                             build/startup_stm32f303x8.o
_sdata                                            build/startup_stm32f303x8.o
_sidata                                           build/startup_stm32f303x8.o
_stack_init                                       c:/program files (x86)/gnu arm embedded toolchain/10 2021.10/bin/../lib/gcc/arm-none-eabi/10.3.1/../../../../arm-none-eabi/lib/thumb/v7e-m+fp/hard/crt0.o
_start                                            c:/program files (x86)/gnu arm embedded toolchain/10 2021.10/bin/../lib/gcc/arm-none-eabi/10.3.1/../../../../arm-none-eabi/lib/thumb/v7e-m+fp/hard/crt0.o
atexit                                            c:/program files (x86)/gnu arm embedded toolchain/10 2021.10/bin/../lib/gcc/arm-none-eabi/10.3.1/../../../../arm-none-eabi/lib/thumb/v7e-m+fp/hard/crt0.o
exit                                              c:/program files (x86)/gnu arm embedded toolchain/10 2021.10/bin/../lib/gcc/arm-none-eabi/10.3.1/../../../../arm-none-eabi/lib/thumb/v7e-m+fp/hard\libc_nano.a(lib_a-exit.o)
                                                  c:/program files (x86)/gnu arm embedded toolchain/10 2021.10/bin/../lib/gcc/arm-none-eabi/10.3.1/../../../../arm-none-eabi/lib/thumb/v7e-m+fp/hard/crt0.o
g_pfnVectors                                      build/startup_stm32f303x8.o
hardware_init_hook                                c:/program files (x86)/gnu arm embedded toolchain/10 2021.10/bin/../lib/gcc/arm-none-eabi/10.3.1/../../../../arm-none-eabi/lib/thumb/v7e-m+fp/hard/crt0.o
hrtc                                              build/main.o
htim6                                             build/main.o
main                                              build/main.o
                                                  build/startup_stm32f303x8.o
                                                  c:/program files (x86)/gnu arm embedded toolchain/10 2021.10/bin/../lib/gcc/arm-none-eabi/10.3.1/../../../../arm-none-eabi/lib/thumb/v7e-m+fp/hard/crt0.o
memset                                            c:/program files (x86)/gnu arm embedded toolchain/10 2021.10/bin/../lib/gcc/arm-none-eabi/10.3.1/../../../../arm-none-eabi/lib/thumb/v7e-m+fp/hard\libc_nano.a(lib_a-memset.o)
                                                  build/main.o
                                                  c:/program files (x86)/gnu arm embedded toolchain/10 2021.10/bin/../lib/gcc/arm-none-eabi/10.3.1/../../../../arm-none-eabi/lib/thumb/v7e-m+fp/hard/crt0.o
pFlash                                            build/stm32f3xx_hal_flash.o
                                                  build/stm32f3xx_hal_flash_ex.o
software_init_hook                                c:/program files (x86)/gnu arm embedded toolchain/10 2021.10/bin/../lib/gcc/arm-none-eabi/10.3.1/../../../../arm-none-eabi/lib/thumb/v7e-m+fp/hard/crt0.o
uwTick                                            build/stm32f3xx_hal.o
uwTickFreq                                        build/stm32f3xx_hal.o
uwTickPrio                                        build/stm32f3xx_hal.o
                                                  build/stm32f3xx_hal_rcc.o
